DL4CCB1111
DL2CAG0786
DL1LW2611
